// Vitest Snapshot v1, https://vitest.dev/guide/snapshot.html

exports[`Navbar Component > renders correctly and matches snapshot 1`] = `
<DocumentFragment>
  <div
    class="sc-krVzYl fRHqJM"
    data-testid="sidebar"
  >
    <div
      class="sc-crPgjm gVfRrC"
    >
      <div
        class="sc-bqqMSY bezAeB"
      >
        <img
          alt="company logo"
          class="sc-dYjPD jlEunS"
          data-testid="logo"
          src="http://example.com/thumbnail.jpg"
        />
      </div>
      <div
        class="sc-hCcPtG bRfCpG"
      >
        <div
          data-testid="Content Link 1-navlink"
        >
          <a
            class="sc-jrIDTr zyWtM"
            data-discover="true"
            data-testid="Content Link 1"
            data-tooltip-content="Content Link 1"
            data-tooltip-id="navlink"
            href="/user"
          >
            <div
              class="sc-qdQOe hehdnZ"
            >
              <div
                class="sc-kEbgWM iZoGwS"
              >
                <span>
                  CL1
                </span>
              </div>
              <p
                class="sc-iqkkDd eIaeOe"
              >
                Content Link 1
              </p>
            </div>
          </a>
        </div>
        <div
          data-testid="Content Link 2-navlink"
        >
          <a
            class="sc-jrIDTr zyWtM"
            data-discover="true"
            data-testid="Content Link 2"
            data-tooltip-content="Content Link 2"
            data-tooltip-id="navlink"
            href="/user"
          >
            <div
              class="sc-qdQOe hehdnZ"
            >
              <div
                class="sc-kEbgWM iZoGwS"
              >
                <span>
                  CL2
                </span>
              </div>
              <p
                class="sc-iqkkDd eIaeOe"
              >
                Content Link 2
              </p>
            </div>
          </a>
        </div>
      </div>
    </div>
    <div
      class="sc-folSZX jDUOWX"
    >
      <div
        data-testid="Footer Link 1-navlink"
      >
        <a
          class="sc-jrIDTr zyWtM"
          data-discover="true"
          data-testid="Footer Link 1"
          data-tooltip-content="Footer Link 1"
          data-tooltip-id="navlink"
          href="/user"
        >
          <div
            class="sc-qdQOe hehdnZ"
          >
            <div
              class="sc-kEbgWM iZoGwS"
            >
              <span>
                FL1
              </span>
            </div>
            <p
              class="sc-iqkkDd eIaeOe"
            >
              Footer Link 1
            </p>
          </div>
        </a>
      </div>
      <div
        data-testid="Footer Link 2-navlink"
      >
        <a
          class="sc-jrIDTr zyWtM"
          data-discover="true"
          data-testid="Footer Link 2"
          data-tooltip-content="Footer Link 2"
          data-tooltip-id="navlink"
          href="/user"
        >
          <div
            class="sc-qdQOe hehdnZ"
          >
            <div
              class="sc-kEbgWM iZoGwS"
            >
              <span>
                FL2
              </span>
            </div>
            <p
              class="sc-iqkkDd eIaeOe"
            >
              Footer Link 2
            </p>
          </div>
        </a>
      </div>
      <span>
        <div
          class="sc-bdDsCe dbdEVx false"
        >
          <div
            class="sc-gtcBCx jFqmuA"
            data-testid="avatarIcon"
          >
            <div
              class="sc-dkXsAU eUWame"
            >
              <div
                class="sc-hKVpXn gxRjUc avatar-button"
              >
                <img
                  alt="Avatar"
                  class="sc-gKkgUA eTfyyk"
                  src="http://example.com/avatar.jpg"
                />
              </div>
              <label
                for="img"
              >
                  
              </label>
            </div>
          </div>
        </div>
      </span>
    </div>
  </div>
</DocumentFragment>
`;
